Starting Standard Prisma Client test...
node.exe : Error 
during Prisma Client 
execution: PrismaClien
tConstructorValidation
Error: Using engine 
type "client" 
requires either 
"adapter" or 
"accelerateUrl" to be 
provided to 
PrismaClient 
constructor.
At line:1 char:1
+ & "C:\Program Files\
nodejs/node.exe" 
"C:\Program 
Files\nodejs/node_mo 
...
+ ~~~~~~~~~~~~~~~~~~~~
~~~~~~~~~~~~~~~~~~~~~~
~~~~~~~~~~~~~~~~~~~~~~
~~~~~
    + CategoryInfo    
          : NotSpeci  
  fied: (Error duri   
 ng Pr...nt constr    
uctor.:String) []    
, RemoteException
    + FullyQualifiedE 
   rrorId : NativeCo  
  mmandError
 
Read more at https://p
ris.ly/d/client-constr
uctor
    at validateDepende
ntOptions (C:\Users\Wi
nah\Desktop\TradeMarkE
ngine-portal\node_modu
les\@prisma\client\src
\runtime\utils\validat
ePrismaClientOptions.t
s:229:11)
    at validatePrismaC
lientOptions (C:\Users
\Winah\Desktop\TradeMa
rkEngine-portal\node_m
odules\@prisma\client\
src\runtime\utils\vali
datePrismaClientOption
s.ts:246:3)
    at new t (C:\Users
\Winah\Desktop\TradeMa
rkEngine-portal\node_m
odules\@prisma\client\
src\runtime\getPrismaC
lient.ts:281:7)
    at main (C:\Users\
Winah\Desktop\TradeMar
kEngine-portal\test-st
andard.ts:9:24)
    at <anonymous> (C:
\Users\Winah\Desktop\T
radeMarkEngine-portal\
test-standard.ts:25:1)
    at 
Object.<anonymous> (C:
\Users\Winah\Desktop\T
radeMarkEngine-portal\
test-standard.ts:25:6)
    at 
Module._compile (node:
internal/modules/cjs/l
oader:1761:14)
    at 
Object.transformer (C:
\Users\Winah\AppData\L
ocal\npm-cache\_npx\fd
45a72a545557e9\node_mo
dules\tsx\dist\registe
r-D46fvsV_.cjs:3:1104)
    at Module.load (no
de:internal/modules/cj
s/loader:1481:32)
    at Module._load (n
ode:internal/modules/c
js/loader:1300:12)
