Connecting to DB...
prisma:error Cannot read properties of undefined (reading 'replace')
node.exe : DB Error: 
TypeError: Cannot 
read properties of 
undefined (reading 
'replace')
At line:1 char:1
+ & "C:\Program Files\
nodejs/node.exe" 
"C:\Program 
Files\nodejs/node_mo 
...
+ ~~~~~~~~~~~~~~~~~~~~
~~~~~~~~~~~~~~~~~~~~~~
~~~~~~~~~~~~~~~~~~~~~~
~~~~~
    + CategoryInfo    
          : NotSpeci  
  fied: (DB Error:    
 TypeE...ding 'rep    
lace'):String) []    
, RemoteException
    + FullyQualifiedE 
   rrorId : NativeCo  
  mmandError
 
    at createBetterSQL
ite3Client (C:\Users\W
inah\Desktop\TradeMark
Engine-portal\node_mod
ules\@prisma\adapter-b
etter-sqlite3\dist\ind
ex.js:648:22)
    at PrismaBetterSql
ite3AdapterFactory.con
nect (C:\Users\Winah\D
esktop\TradeMarkEngine
-portal\node_modules\@
prisma\adapter-better-
sqlite3\dist\index.js:
637:59)
    at e.connect (C:\U
sers\Winah\Desktop\Tra
deMarkEngine-portal\no
de_modules\@prisma\cli
ent\src\runtime\core\e
ngines\client\LocalExe
cutor.ts:42:58)
    at 
Dt.#connectExecutor (C
:\Users\Winah\Desktop\
TradeMarkEngine-portal
\node_modules\@prisma\
client\src\runtime\cor
e\engines\client\Clien
tEngine.ts:220:34)
    at callback (C:\Us
ers\Winah\Desktop\Trad
eMarkEngine-portal\nod
e_modules\@prisma\clie
nt\src\runtime\core\en
gines\client\ClientEng
ine.ts:169:35)
    at 
Object.runInChildSpan 
(C:\Users\Winah\Deskto
p\TradeMarkEngine-port
al\node_modules\@prism
a\client\src\runtime\c
ore\tracing\TracingHel
per.ts:28:12)
    at 
ti.runInChildSpan (C:\
Users\Winah\Desktop\Tr
adeMarkEngine-portal\n
ode_modules\@prisma\cl
ient\src\runtime\core\
tracing\TracingHelper.
ts:53:36)
    at 
Dt.#ensureStarted (C:\
Users\Winah\Desktop\Tr
adeMarkEngine-portal\n
ode_modules\@prisma\cl
ient\src\runtime\core\
engines\client\ClientE
ngine.ts:164:47)
    at Dt.request (C:\
Users\Winah\Desktop\Tr
adeMarkEngine-portal\n
ode_modules\@prisma\cl
ient\src\runtime\core\
engines\client\ClientE
ngine.ts:451:52)
    at 
Object.singleLoader (C
:\Users\Winah\Desktop\
TradeMarkEngine-portal
\node_modules\@prisma\
client\src\runtime\Req
uestHandler.ts:112:52)
 {
  clientVersion: 
'7.2.0'
}
